Settings
Forge - GitHub - Proxy - [Embedder] - Voyage - Appearance - Environment - Host
Layer: user  Path: /settings-golden/config.json
+------------------------------------------------------------------------------+
| Embedder                                                                     |
+------------------------------------------------------------------------------+
| > Backend: fastembed [DEFAULT]                                               |
| fastembed or empty.                                                          |
|   Model: fast-bge-small-en-v1.5 . download [DEFAULT] [v]                     |
|   Cache directory: /home/svnbjrn/.cache/spoon/models/fastembed [DEFAULT]     |
|   Maximum length: 512 [DEFAULT]                                              |
|   Batch size: 32 [DEFAULT]                                                   |
|   Auto-embed fork lists: true [DEFAULT]                                      |
+------------------------------------------------------------------------------+
[p] Probe provider credentials  [o] Check store  [f] Check FastEmbed  [v] Check
[tab] section [enter] edit [esc] back