[1;4;90;4mS[0m[1;4;90;4me[0m[1;4;90;4mt[0m[1;4;90;4mt[0m[1;4;90;4mi[0m[1;4;90;4mn[0m[1;4;90;4mg[0m[1;4;90;4ms[0m
[2;90mForge[0m → [2;90mGitHub[0m → [2;90mProxy[0m → [1;97m[Embedder][0m → [2;90mVoyage[0m → [2;90mAppearance[0m → [2;90mEnvironment[0m → [2;90mHost[0m
[2;90mLayer: user  Path: /settings-golden/config.json[0m
╭──────────────────────────────────────────────────────────────────────────────╮
│ [1;4;97;4mE[0m[1;4;97;4mm[0m[1;4;97;4mb[0m[1;4;97;4me[0m[1;4;97;4md[0m[1;4;97;4md[0m[1;4;97;4me[0m[1;4;97;4mr[0m                                                                     │
├──────────────────────────────────────────────────────────────────────────────┤
│ [1;37m> [7mB[0mackend: fastembed [DEFAULT][0m                                               │
│ [2;90mfastembed or empty.[0m                                                          │
│ [37m  Model: fast-bge-small-en-v1.5 [DEFAULT][0m                                    │
│ [37m  Cache directory: /home/svnbjrn/.cache/spoon/models/fastembed [DEFAULT][0m     │
│ [37m  Maximum length: 512 [DEFAULT][0m                                              │
│ [37m  Batch size: 32 [DEFAULT][0m                                                   │
╰──────────────────────────────────────────────────────────────────────────────╯
[2;90m[p] Probe provider credentials  [o] Check store  [f] Check FastEmbed  [v] Check[0m
[37;40m[tab][0m section [37;40m[enter][0m edit [37;40m[esc][0m back