Settings
Forge - GitHub - Proxy - Embedder - Voyage - Appearance - [Environment] - Host
Layer: user  Path: /settings-golden/config.json
+------------------------------------------------------------------------------+
| Environment                                                                  |
+------------------------------------------------------------------------------+
| SPOON_NO_CONFIG = unset                                                      |
| SPOON_NO_EMBED = unset                                                       |
| SPOON_LOCAL_BRANCH_SCAN = unset                                              |
| VOYAGE_AI_API_KEY = unset                                                    |
| VOYAGE_API_KEY = unset                                                       |
| SPOON_VOYAGE_API_KEY_FILE = unset                                            |
| SPOON_VOYAGE_AUTO_INDEX = unset                                              |
| SPOON_NO_VOYAGE = unset                                                      |
| SPOON_VOYAGE_NO_CACHE = unset                                                |
| SPOON_VOYAGE_DIM = unset                                                     |
| SPOON_VOYAGE_EMBED_MODEL = unset                                             |
| SPOON_VOYAGE_RERANK_MODEL = unset                                            |
+------------------------------------------------------------------------------+
[p] Probe provider credentials  [o] Check store  [f] Check FastEmbed  [v] Check
[tab] section [enter] edit [esc] back