[1;4;38;2;78;201;176;4mS[0m[1;4;38;2;78;201;176;4me[0m[1;4;38;2;78;201;176;4mt[0m[1;4;38;2;78;201;176;4mt[0m[1;4;38;2;78;201;176;4mi[0m[1;4;38;2;78;201;176;4mn[0m[1;4;38;2;78;201;176;4mg[0m[1;4;38;2;78;201;176;4ms[0m
[2;38;2;154;154;154mForge[0m → [2;38;2;154;154;154mGitHub[0m → [2;38;2;154;154;154mProxy[0m → [2;38;2;154;154;154mEmbedder[0m → [1;38;2;245;245;245m[Voyage][0m → [2;38;2;154;154;154mAppearance[0m → [2;38;2;154;154;154mEnvironment[0m → [2;38;2;154;154;154mHost[0m
[2;38;2;154;154;154mLayer: user  Path: /settings-golden/config.json[0m
╭──────────────────────────────────────────────────────────────────────────────╮
│ [1;4;38;2;245;245;245;4mV[0m[1;4;38;2;245;245;245;4mo[0m[1;4;38;2;245;245;245;4my[0m[1;4;38;2;245;245;245;4ma[0m[1;4;38;2;245;245;245;4mg[0m[1;4;38;2;245;245;245;4me[0m                                                                       │
├──────────────────────────────────────────────────────────────────────────────┤
│ [1;38;2;211;211;211m> [7mA[0muto-embed with Voyage: false [DEFAULT][0m                                    │
│ [2;38;2;154;154;154mSends every listed fork to a per-token billed service. Off by default.[0m       │
│ [38;2;211;211;211m  Voyage disabled: false [DEFAULT][0m                                           │
│ [38;2;211;211;211m  Voyage API key file: ************ [FILE][0m                                   │
│ [38;2;211;211;211m  Embed model: voyage-code-3 [DEFAULT][0m                                       │
│ [38;2;211;211;211m  Rerank model: rerank-2.5 [DEFAULT][0m                                         │
│ [38;2;211;211;211m  Output dimension: 1024 [DEFAULT][0m                                           │
│ [38;2;211;211;211m  Base URL: https://api.voyageai.com/v1 [DEFAULT][0m                            │
╰──────────────────────────────────────────────────────────────────────────────╯
[2;38;2;154;154;154m[p] Probe provider credentials  [o] Check store  [f] Check FastEmbed  [v] Check[0m
[38;2;211;211;211;48;2;25;25;25m[tab][0m section [38;2;211;211;211;48;2;25;25;25m[enter][0m edit [38;2;211;211;211;48;2;25;25;25m[esc][0m back