Settings
Forge - GitHub - Proxy - Embedder - [Voyage] - Appearance - Environment - Host
Layer: user  Path: /settings-golden/config.json
+------------------------------------------------------------------------------+
| Voyage                                                                       |
+------------------------------------------------------------------------------+
| > Voyage disabled: false [DEFAULT]                                           |
| Clearing this can enable an external per-token billed service.               |
|   Voyage API key file:  [DEFAULT]                                            |
|   Embed model: voyage-code-3 [DEFAULT]                                       |
|   Rerank model: rerank-2.5 [DEFAULT]                                         |
|   Output dimension: 1024 [DEFAULT]                                           |
|   Base URL:  [DEFAULT]                                                       |
+------------------------------------------------------------------------------+
[p] Probe provider credentials  [o] Check store  [f] Check FastEmbed  [v] Check
[tab] section [enter] edit [esc] back