PR #42 - Fixture PR
  Mergeable: -
  Reviews:   -
  Checks:    -
  Threads:   1 unresolved

> alice (User)      main.go:7

! Unresolved (active)
Please update this.

+-- code at main.go:7-0 [ref ] --
|    7 | < before
|    8 |   after
+-----

[Up/k] move thread selection up [Down/j] move thread selection down [q/ctrl+c] quit [r/Enter] reply
[R] resolve current thread [a] apply suggestion [ctrl+a] resolve all [A] unresolve all [o] open pull request
[c] counter-propose [?] toggle help [f] hide or restore chrome
