error: fixture failure

[ctrl+c] Quit [Up/k] Move thread selection up [Down/j] Move thread selection down [q] Quit [r/Enter] Reply
[R] Resolve current thread [a] Apply suggestion [ctrl+a] Resolve all [A] Unresolve all [o] Open pull request
[c] Counter-propose [?] Toggle help [f] Hide or restore chrome