PR #42 - Fixture PR
  Mergeable: -
  Reviews:   -
  Checks:    -
  Threads:   1 unresolved

> alice (User)      main.go:7

! Unresolved (active)
Please update this.

+-- code at main.go:7-0 [ref ] --
|    7 | < before
|    8 |   after
+-----

[r/Enter] reply [R] resolve [a] apply suggestion [c] counter-propose [Ctrl+A] resolve-all [A] unresolve-all [o] open
[?] help [q] quit
