PR #42 - Fixture PR
  Mergeable: -
  Reviews:   -
  Checks:    -
  Threads:   1 unresolved

> alice (User)      main.go:7

! Unresolved (active)
Please update this.

[ctrl+c] Quit [Up/k] Move thread selection up [Down/j] Move thread selection down [q] Quit [r/Enter] Reply
[R] Resolve current thread [a] Apply suggestion [ctrl+a] Resolve all [A] Unresolve all [o] Open pull request
[c] Counter-propose [?] Toggle help [f] Hide or restore chrome

Compose (reply)
> fixture reply_
[ctrl+c] Quit [ctrl+s] Submit reply [Esc] Cancel reply
