PR #42 - owner/库
  Mergeable: -
  Reviews:   -
  Checks:    -
  Threads:   0 unresolved

> reviewer (User)   owner/é.go:7

! Unresolved (active)
combining: é

[Up/k] move thread selection up [Down/j] move thread selection down [q/ctrl+c] quit [r/Enter] reply
[R] resolve current thread [a] apply suggestion [ctrl+a] resolve all [A] unresolve all [o] open pull request
[c] counter-propose [?] toggle help [f] hide or restore chrome
