╭──────────────────────╮
│ [1;4;97;4mF[0m[1;4;97;4mo[0m[1;4;97;4mr[0m[1;4;97;4mk[0m[97;4m [0m[1;4;97;4md[0m[1;4;97;4me[0m[1;4;97;4mt[0m[1;4;97;4ma[0m[1;4;97;4mi[0m[1;4;97;4ml[0m[1;4;97;4ms[0m         │
├──────────────────────┤
│ [37m界é[0m                  │
╰──────────────────────╯