
[1;90m  spoon[0m[90m — find useful forks[0m

  Repository: [1;37m> svnbjrn/spoon█[0m
  [1;91merror: Repository: fixture validation error[0m

  [37;40m[ctrl+c][0m [3;2;90mQuit[0m [37;40m[Enter][0m [3;2;90mSearch repository[0m [37;40m[Esc][0m [3;2;90mReturn to fork table[0m [37;40m[left/ctrl+b][0m [3;2;90mMove input cursor left[0m
[37;40m[right/ctrl+f][0m [3;2;90mMove input cursor right[0m [37;40m[home/ctrl+a][0m [3;2;90mMove input cursor to start[0m [37;40m[end/ctrl+e][0m [3;2;90mMove input cursor to end[0m
[37;40m[backspace][0m [3;2;90mDelete previous character[0m [37;40m[delete][0m [3;2;90mDelete next character[0m [37;40m[ctrl+u][0m [3;2;90mClear input[0m
