
[1;38;2;78;201;176m  spoon[0m[38;2;154;154;154m — find useful forks[0m

  Repository: [1;38;2;211;211;211m> svnbjrn/spoon█[0m
  [1;38;2;255;91;72merror: Repository: fixture validation error[0m

  [38;2;211;211;211m  [1;38;2;245;245;245mEnter search[0m[0m [38;2;133;133;133mEnter a GitHub or GitLab repository (e.g., golang/go)[0m
  [38;2;133;133;133m←/→ move  Home/End  paste supported  Enter to search  Ctrl+C to quit[0m
