[90;4m [0m[90;4m [0m[1;4;90;4ms[0m[1;4;90;4mp[0m[1;4;90;4mo[0m[1;4;90;4mo[0m[1;4;90;4mn[0m [2;90m— help[0m

  Keybindings
  ───────────

  Transition notice (one release)
  t: enrichment ceiling -> dark/light theme
  c: open compare -> enrichment ceiling
  d: unbound -> open compare


  Global
  ctrl+c          Quit

  Repository input
  Enter           Search repository
  Esc             Return to fork table
  left/ctrl+b     Move input cursor left
  right/ctrl+f    Move input cursor right
  home/ctrl+a     Move input cursor to start
  end/ctrl+e      Move input cursor to end
  [37;40m[ctrl+c][0m [3;2;90mQuit[0m [37;40m[?/Esc/q][0m [3;2;90mClose help[0m [37;40m[Up/k][0m [3;2;90mScroll up[0m [37;40m[Down/j][0m [3;2;90mScroll down[0m
[37;40m[PgUp][0m [3;2;90mPage up[0m [37;40m[PgDn][0m [3;2;90mPage down[0m [37;40m[home][0m [3;2;90mGo to top[0m [37;40m[G/end][0m [3;2;90mGo to bottom[0m