===  a.go (+10/-2)
  (no patch text from provider - binary, too large, or omitted)

===  b.go (+4/-7)
  (no patch text from provider - binary, too large, or omitted)

===  c.go (+0/-0)
  (no patch text from provider - binary, too large, or omitted)


[ctrl+c] Quit [Esc/b/q] Return to fork details [Up/k] Scroll up [Down/j] Scroll down
[PgUp] Page up [PgDn] Page down [home] Go to top [G/end] Go to bottom