 spoon | owner/repo | 4 forks | ! Unauthenticated
 HEAT      REPOSITORY                        *     f  BRANCH   PUSHED
 > ###.90  alice/tool                         1     0       -  1h ago
   ###.80  bob/tool                           1     0       -  1h ago
   ##..70  carol/widget                       1     0       -  1h ago
   ##..60  dave/widget                        1     0       -  1h ago

 ^v navigate  PgUp/PgDn page  Enter detail  Space mark  / filter  R rank  e/E export  o open  d compare  c tier  t theme  f chrome  ? help  q quit