[1m===  a.go (+10/-2)[0m
  (no patch text from provider — binary, too large, or omitted)

[1m===  b.go (+4/-7)[0m
  (no patch text from provider — binary, too large, or omitted)

[1m===  c.go (+0/-0)[0m
  (no patch text from provider — binary, too large, or omitted)


[37;40m[ctrl+c][0m [3;2;90mQuit[0m [37;40m[Esc/b/q][0m [3;2;90mReturn to fork details[0m [37;40m[Up/k][0m [3;2;90mScroll up[0m [37;40m[Down/j][0m [3;2;90mScroll down[0m
[37;40m[PgUp][0m [3;2;90mPage up[0m [37;40m[PgDn][0m [3;2;90mPage down[0m [37;40m[home][0m [3;2;90mGo to top[0m [37;40m[G/end][0m [3;2;90mGo to bottom[0m