
╭────────────────────────────────────────────────────────────────────╮
│ [1;4;97;4mF[0m[1;4;97;4mo[0m[1;4;97;4mr[0m[1;4;97;4mk[0m[97;4m [0m[1;4;97;4md[0m[1;4;97;4me[0m[1;4;97;4mt[0m[1;4;97;4ma[0m[1;4;97;4mi[0m[1;4;97;4ml[0m[1;4;97;4ms[0m                                                       │
├────────────────────────────────────────────────────────────────────┤
│ [1mFork: gregums587/proxmox-packer[0m                                    │
│ [37m[1;90m8/100[0m[0m [2;90mheat [90m░░░░[0m[0m                                                    │
├────────────────────────────────────────────────────────────────────┤
│ [1;93mWhy it is hot:[0m                                                     │
│  → sync — 9.7/15 pts                                               │
├────────────────────────────────────────────────────────────────────┤
│ [1;93m⚠ Work is on branch: newbranch[0m                                     │
│    [y] Yank clone & checkout command                               │
├────────────────────────────────────────────────────────────────────┤
│ ★ 0 stars   ⑂ 0 forks   Pushed 2y ago                              │
│ Ahead: 6 (+14/-9)  Behind: 5  Files: 3                             │
│ Authors: 1                                                         │
│                                                                    │
│ "Packer files for building CentOS 7, 8, Rocky Linux 8, 9 and U..." │
╰────────────────────────────────────────────────────────────────────╯

  [37;40m[ctrl+c][0m [3;2;90mQuit[0m [37;40m[Esc/b/q][0m [3;2;90mReturn to fork table[0m [37;40m[Up/k][0m [3;2;90mScroll up[0m [37;40m[Down/j][0m [3;2;90mScroll down[0m [37;40m[PgUp][0m [3;2;90mPage up[0m
[37;40m[PgDn][0m [3;2;90mPage down[0m [37;40m[home][0m [3;2;90mGo to top[0m [37;40m[G/end][0m [3;2;90mGo to bottom[0m [37;40m[o][0m [3;2;90mOpen selected fork[0m [37;40m[d][0m [3;2;90mOpen compare[0m
[37;40m[c][0m [3;2;90mCycle enrichment ceiling[0m [37;40m[t][0m [3;2;90mToggle dark/light theme[0m [37;40m[f][0m [3;2;90mHide or restore chrome[0m
[37;40m[y][0m [3;2;90mYank clone command[0m [37;40m[p][0m [3;2;90mView patch of touched files[0m