
╭────────────────────────────────────────────────────────────────────╮
│ [1;4;38;2;245;245;245;4mF[0m[1;4;38;2;245;245;245;4mo[0m[1;4;38;2;245;245;245;4mr[0m[1;4;38;2;245;245;245;4mk[0m[38;2;245;245;245;4m [0m[1;4;38;2;245;245;245;4md[0m[1;4;38;2;245;245;245;4me[0m[1;4;38;2;245;245;245;4mt[0m[1;4;38;2;245;245;245;4ma[0m[1;4;38;2;245;245;245;4mi[0m[1;4;38;2;245;245;245;4ml[0m[1;4;38;2;245;245;245;4ms[0m                                                       │
├────────────────────────────────────────────────────────────────────┤
│ [1mFork: gregums587/proxmox-packer[0m                                    │
│ [38;2;211;211;211m[1;38;2;133;133;133m8/100[0m[0m [2;38;2;154;154;154mheat [38;2;133;133;133m░░░░[0m[0m                                                    │
├────────────────────────────────────────────────────────────────────┤
│ [1;38;2;255;165;0mWhy it is hot:[0m                                                     │
│  → sync — 9.7/15 pts                                               │
├────────────────────────────────────────────────────────────────────┤
│ [1;38;2;255;165;0m⚠ Work is on branch: newbranch[0m                                     │
│    [y] Yank clone & checkout command                               │
├────────────────────────────────────────────────────────────────────┤
│ ★ 0 stars   ⑂ 0 forks   Pushed 2y ago                              │
│ Ahead: 6 (+14/-9)  Behind: 5  Files: 3                             │
│ Authors: 1                                                         │
│                                                                    │
│ "Packer files for building CentOS 7, 8, Rocky Linux 8, 9 and U..." │
╰────────────────────────────────────────────────────────────────────╯

  [38;2;133;133;133m[o] Open  [c] Compare  [y] Yank  [PgUp/PgDn] Scroll  [b/Esc] Back[0m