[38;2;78;201;176;4m [0m[38;2;78;201;176;4m [0m[1;4;38;2;78;201;176;4ms[0m[1;4;38;2;78;201;176;4mp[0m[1;4;38;2;78;201;176;4mo[0m[1;4;38;2;78;201;176;4mo[0m[1;4;38;2;78;201;176;4mn[0m [2;38;2;154;154;154m— help[0m

  Keybindings
  ───────────

  Transition notice (one release)
  t: enrichment ceiling -> dark/light theme
  c: open compare -> enrichment ceiling
  d: unbound -> open compare


  Global
  ctrl+c          Quit

  Repository input
  Enter           Search repository
  Esc             Return to fork table
  left/ctrl+b     Move input cursor left
  right/ctrl+f    Move input cursor right
  home/ctrl+a     Move input cursor to start
  end/ctrl+e      Move input cursor to end
  backspace       Delete previous character
  delete          Delete next character
  ctrl+u          Clear input

  Fork table
  q               Quit
  Up/k            Move selection up
  [38;2;133;133;133mPgUp/PgDn scroll · Press ? or Esc to go back[0m