[38;2;78;201;176;4m [0m[38;2;78;201;176;4m [0m[1;4;38;2;78;201;176;4ms[0m[1;4;38;2;78;201;176;4mp[0m[1;4;38;2;78;201;176;4mo[0m[1;4;38;2;78;201;176;4mo[0m[1;4;38;2;78;201;176;4mn[0m [2;38;2;154;154;154m— help[0m

  Keybindings
  ───────────

  Transition notice (one release)
  t: enrichment ceiling -> dark/light theme
  c: open compare -> enrichment ceiling
  d: unbound -> open compare


  Fork table
  q               Quit
  Up/k            Move selection up
  Down/j          Move selection down
  PgUp            Page up
  PgDn            Page down
  home            Go to top
  G/end           Go to bottom
  g               Toggle cluster grouping
  Enter           View fork details
  n               Search new repository
  /               Filter forks
  R               Rank by intent
  Esc             Clear active filter
  ?               Open help
  s               Cycle sort column
  S               Reverse sort order
  [38;2;133;133;133mPgUp/PgDn scroll · Press ? or Esc to go back[0m