 spoon | owner/é | 1 forks | ! Unauthenticated
 HEAT      REPOSITORY                        *     f  BRANCH  LIN PUSHED
 > .... 0  owner/库                            0     0       -  -  unknown

[Enter] View fork details [/] Filter forks [s] Cycle sort column [Space] Mark or unmark fork [e] Export marked forks
[i] Embed marked forks [r] Refresh [,] Open settings [?] Open help [q] Quit