 spoon | owner/é | 1 forks | ! Unauthenticated
 HEAT      REPOSITORY                        *     f  BRANCH   PUSHED
 > .... 0  owner/库                            0     0       -  unknown

 ^v navigate  PgUp/PgDn page  Enter detail  Space mark  / filter  R rank  e/E export  o open  d compare  c tier  t theme  f chrome  ? help  q quit