 spoon | owner/库é | 1 forks | ! Unauthenticated                                
 HEAT      REPOSITORY                        *     f  BRANCH   PUSHED       
 > .... 0  owner/库é                          0     0       -  unknown     

 ^v navigate  PgUp/PgDn page  Enter detail  Space mark  / filter  R rank  e/E export  o open  y yank  s sort  g cluster  t tier  ? help  q quit